
> dev
> vite dev --host 127.0.0.1 --port 8080


  VITE v8.1.5  ready in 3067 ms

  ➜  Local:   http://127.0.0.1:8080/
  ➜  press h + enter to show help
11:51:03 AM [vite] (ssr) connected.
5:19:54 PM [vite] (client) hmr update /src/styles.css?direct
5:19:56 PM [vite] (client) hmr update /src/styles.css?direct, /src/components/miso/WebDataAgent.tsx
5:19:56 PM [vite] (ssr) page reload src/lib/local-backend.ts
5:19:56 PM [vite] (ssr) program reload
5:20:08 PM [vite] (client) hmr update /src/styles.css?direct, /src/components/miso/WebDataAgent.tsx
5:20:08 PM [vite] (ssr) page reload src/components/miso/WebDataAgent.tsx
5:27:24 PM [vite] (client) hmr update /src/styles.css?direct, /src/components/miso/WebDataAgent.tsx
5:27:24 PM [vite] (ssr) page reload src/components/miso/WebDataAgent.tsx
5:27:24 PM [vite] (ssr) program reload
5:38:18 PM [vite] (client) hmr update /src/styles.css?direct
5:41:10 PM [vite] (client) hmr update /src/styles.css?direct, /src/routes/__root.tsx
5:41:10 PM [vite] (ssr) page reload src/routes/__root.tsx
5:41:10 PM [vite] (ssr) program reload
5:43:04 PM [vite] (client) hmr update /src/styles.css?direct, /src/routes/__root.tsx
5:43:04 PM [vite] (ssr) page reload src/routes/__root.tsx
5:43:04 PM [vite] (ssr) program reload
5:48:02 PM [vite] (client) hmr update /src/styles.css?direct, /src/components/miso/WebDataAgent.tsx
5:48:02 PM [vite] (ssr) page reload src/components/miso/WebDataAgent.tsx
5:49:47 PM [vite] (client) hmr update /src/styles.css?direct, /src/components/miso/WebDataAgent.tsx
5:49:47 PM [vite] (ssr) page reload src/components/miso/WebDataAgent.tsx
5:49:47 PM [vite] (ssr) program reload
5:50:30 PM [vite] (client) hmr update /src/styles.css?direct, /src/components/miso/WebDataAgent.tsx
5:50:30 PM [vite] (ssr) page reload src/components/miso/WebDataAgent.tsx
5:50:30 PM [vite] (ssr) program reload
5:52:13 PM [vite] (client) hmr update /src/styles.css?direct, /src/components/miso/WebDataAgent.tsx
5:52:13 PM [vite] (ssr) page reload src/components/miso/WebDataAgent.tsx
5:52:22 PM [vite] (client) hmr update /src/styles.css?direct, /src/components/miso/WebDataAgent.tsx
5:52:22 PM [vite] (ssr) page reload src/components/miso/WebDataAgent.tsx
6:50:32 PM [vite] (client) hmr update /src/styles.css?direct, /src/components/miso/WebDataAgent.tsx
6:50:32 PM [vite] (ssr) page reload src/lib/local-backend.ts
6:50:32 PM [vite] (ssr) program reload
6:50:34 PM [vite] (client) hmr update /src/styles.css?direct, /src/components/miso/WebDataAgent.tsx
6:50:34 PM [vite] (ssr) page reload src/components/miso/WebDataAgent.tsx
7:03:44 PM [vite] (client) hmr update /src/styles.css?direct, /src/components/miso/WebDataAgent.tsx
7:03:44 PM [vite] (ssr) page reload src/lib/local-backend.ts
7:03:44 PM [vite] (ssr) program reload
7:03:47 PM [vite] (client) hmr update /src/styles.css?direct, /src/components/miso/WebDataAgent.tsx
7:03:47 PM [vite] (ssr) page reload src/components/miso/WebDataAgent.tsx
7:13:53 PM [vite] (client) hmr update /src/styles.css?direct, /src/components/miso/WebDataAgent.tsx
7:13:53 PM [vite] (ssr) page reload src/components/miso/WebDataAgent.tsx
7:13:53 PM [vite] (ssr) program reload
7:14:10 PM [vite] (client) hmr update /src/styles.css?direct, /src/components/miso/WebDataAgent.tsx
7:14:10 PM [vite] (ssr) page reload src/components/miso/WebDataAgent.tsx
7:14:47 PM [vite] (client) hmr update /src/styles.css?direct, /src/components/miso/WebDataAgent.tsx
7:14:47 PM [vite] (ssr) page reload src/lib/local-backend.ts
7:14:50 PM [vite] (client) hmr update /src/styles.css?direct, /src/components/miso/WebDataAgent.tsx
7:14:50 PM [vite] (ssr) page reload src/components/miso/WebDataAgent.tsx
8:07:46 PM [vite] (client) hmr update /src/styles.css?direct, /src/components/miso/WebDataAgent.tsx, /src/components/miso/PTDInfographics.tsx
8:07:46 PM [vite] (ssr) page reload src/lib/local-backend.ts
8:07:46 PM [vite] (ssr) program reload
8:07:50 PM [vite] (client) hmr update /src/styles.css?direct, /src/components/miso/WebDataAgent.tsx
8:07:50 PM [vite] (ssr) page reload src/components/miso/WebDataAgent.tsx
8:36:57 PM [vite] (client) hmr update /src/styles.css?direct, /src/components/miso/WebDataAgent.tsx
8:36:57 PM [vite] (ssr) page reload src/components/miso/WebDataAgent.tsx
8:13:04 AM [vite] (client) hmr update /src/styles.css?direct, /src/components/miso/WebDataAgent.tsx
8:13:04 AM [vite] (ssr) page reload src/components/miso/WebDataAgent.tsx
8:13:04 AM [vite] (client) hmr update /src/styles.css?direct
8:13:04 AM [vite] (client) hmr update /src/styles.css?direct, /src/components/miso/WebDataAgent.tsx, /src/components/miso/PTDInfographics.tsx
8:13:04 AM [vite] (ssr) page reload src/lib/local-backend.ts
8:13:04 AM [vite] (client) hmr update /src/styles.css?direct, /src/components/miso/ApiExplorer.tsx, /src/routes/integration-lab.tsx?tsr-split=component, /src/components/miso/ReportLibrary.tsx
8:13:04 AM [vite] (ssr) page reload src/lib/miso/catalog.ts
8:13:04 AM [vite] (client) hmr update /src/styles.css?direct
8:20:56 AM [vite] (client) hmr update /src/styles.css?direct, /src/components/miso/WebDataAgent.tsx, /src/components/miso/PTDInfographics.tsx
8:20:56 AM [vite] (ssr) page reload src/lib/local-backend.ts
8:21:00 AM [vite] (client) hmr update /src/styles.css?direct, /src/components/miso/WebDataAgent.tsx
8:21:00 AM [vite] (ssr) page reload src/components/miso/WebDataAgent.tsx
8:21:21 AM [vite] (client) hmr update /src/styles.css?direct, /src/components/miso/WebDataAgent.tsx
8:21:21 AM [vite] (ssr) page reload src/components/miso/WebDataAgent.tsx
8:27:06 AM [vite] (client) hmr update /src/styles.css?direct, /src/components/miso/WebDataAgent.tsx, /src/components/miso/PTDInfographics.tsx
8:27:06 AM [vite] (ssr) page reload src/lib/local-backend.ts
8:27:06 AM [vite] (ssr) program reload
8:27:10 AM [vite] (client) hmr update /src/styles.css?direct, /src/components/miso/WebDataAgent.tsx
8:27:10 AM [vite] (ssr) page reload src/components/miso/WebDataAgent.tsx
8:35:17 AM [vite] (client) hmr update /src/styles.css?direct, /src/components/miso/WebDataAgent.tsx
8:35:17 AM [vite] (ssr) page reload src/components/miso/WebDataAgent.tsx
8:35:17 AM [vite] (ssr) program reload
8:35:39 AM [vite] (client) hmr update /src/styles.css?direct, /src/components/miso/WebDataAgent.tsx
8:35:39 AM [vite] (ssr) page reload src/components/miso/WebDataAgent.tsx
8:51:11 AM [vite] (client) hmr update /src/styles.css?direct, /src/components/miso/WebDataAgent.tsx
8:51:11 AM [vite] (ssr) page reload src/components/miso/WebDataAgent.tsx
8:51:11 AM [vite] (ssr) program reload
9:19:34 AM [vite] (client) hmr update /src/styles.css?direct, /src/components/miso/WebDataAgent.tsx
9:19:34 AM [vite] (ssr) page reload src/components/miso/WebDataAgent.tsx
9:19:34 AM [vite] (ssr) program reload
